<?xml version="1.0" encoding="utf-8"?><testsuites name="pytest tests"><testsuite name="pytest" errors="0" failures="0" skipped="0" tests="127" time="5.402" timestamp="2026-06-09T10:56:18.671169+00:00" hostname="runnervm3jyl0"><testcase classname="tests.test_api" name="test_health_returns_200" time="1.810" /><testcase classname="tests.test_api" name="test_load_character_creates_character_and_world" time="0.033" /><testcase classname="tests.test_api" name="test_load_character_upserts_existing_by_name" time="0.017" /><testcase classname="tests.test_api" name="test_load_character_missing_required_fields_returns_422" time="0.003" /><testcase classname="tests.test_api" name="test_init_session_creates_session" time="0.015" /><testcase classname="tests.test_api" name="test_init_session_with_gm_enabled" time="0.010" /><testcase classname="tests.test_api" name="test_init_session_invalid_character_card_returns_404" time="0.005" /><testcase classname="tests.test_api" name="test_delete_session_returns_204" time="0.021" /><testcase classname="tests.test_api" name="test_delete_session_removes_from_db" time="0.014" /><testcase classname="tests.test_api" name="test_delete_session_not_found_returns_404" time="0.004" /><testcase classname="tests.test_api" name="test_delete_session_no_longer_in_list" time="0.020" /><testcase classname="tests.test_api" name="test_chat_returns_reply_and_continuity_info" time="0.009" /><testcase classname="tests.test_api" name="test_chat_with_invalid_session_returns_error" time="0.004" /><testcase classname="tests.test_api" name="test_chat_stream_returns_sse_stream" time="0.009" /><testcase classname="tests.test_api" name="test_get_session_memory_returns_facts_summaries_relationships" time="0.020" /><testcase classname="tests.test_api" name="test_get_session_memory_empty_session_returns_empty_lists" time="0.011" /><testcase classname="tests.test_api" name="test_gm_chat_returns_reply_with_narration" time="0.008" /><testcase classname="tests.test_api" name="test_gm_chat_stream_returns_sse_stream" time="0.008" /><testcase classname="tests.test_api" name="test_gm_narration_returns_narration_text" time="0.011" /><testcase classname="tests.test_api" name="test_gm_event_check_returns_event_check_result" time="0.010" /><testcase classname="tests.test_api" name="test_gm_event_generate_returns_generated_event" time="0.009" /><testcase classname="tests.test_api" name="test_gm_scene_transition_returns_transition_narration" time="0.009" /><testcase classname="tests.test_api" name="test_gm_npc_dialogue_returns_dialogue_text" time="0.010" /><testcase classname="tests.test_api" name="test_get_world_state_empty_when_none" time="0.010" /><testcase classname="tests.test_api" name="test_get_world_state_returns_latest" time="0.015" /><testcase classname="tests.test_api" name="test_get_world_state_unknown_session_404" time="0.005" /><testcase classname="tests.test_continuity" name="test_no_issues_returns_draft_unchanged" time="0.010" /><testcase classname="tests.test_continuity" name="test_issues_present_triggers_revision" time="0.010" /><testcase classname="tests.test_continuity" name="test_whitespace_revised_falls_back_to_draft" time="0.009" /><testcase classname="tests.test_continuity" name="test_applied_true_when_revised_differs_from_draft" time="0.010" /><testcase classname="tests.test_continuity" name="test_provider_error_propagates" time="0.009" /><testcase classname="tests.test_continuity" name="test_empty_issues_list_in_response" time="0.010" /><testcase classname="tests.test_factories" name="test_character_card_factory_creates_persisted_row" time="0.004" /><testcase classname="tests.test_factories" name="test_world_state_factory_creates_persisted_row" time="0.003" /><testcase classname="tests.test_factories" name="test_session_factory_creates_persisted_row" time="0.006" /><testcase classname="tests.test_factories" name="test_turn_factory_creates_persisted_row" time="0.008" /><testcase classname="tests.test_factories" name="test_memory_fact_factory_creates_persisted_row" time="0.007" /><testcase classname="tests.test_factories" name="test_episode_summary_factory_creates_persisted_row" time="0.009" /><testcase classname="tests.test_factories" name="test_session_factory_subfactory_wires_character_and_world" time="0.005" /><testcase classname="tests.test_factories" name="test_turn_factory_subfactory_wires_session" time="0.006" /><testcase classname="tests.test_factories" name="test_memory_fact_factory_subfactory_wires_session" time="0.007" /><testcase classname="tests.test_factories" name="test_episode_summary_factory_subfactory_wires_session" time="0.007" /><testcase classname="tests.test_factories" name="test_character_card_names_are_unique_across_creates" time="0.004" /><testcase classname="tests.test_factories" name="test_world_state_names_are_unique_across_creates" time="0.090" /><testcase classname="tests.test_factories" name="test_session_titles_are_unique_across_creates" time="0.011" /><testcase classname="tests.test_game_master" name="test_generate_narration_returns_text" time="0.017" /><testcase classname="tests.test_game_master" name="test_generate_narration_stream_yields_chunks" time="0.017" /><testcase classname="tests.test_game_master" name="test_check_for_event_false_when_interval_not_met" time="0.030" /><testcase classname="tests.test_game_master" name="test_check_for_event_returns_valid_result_when_triggered" time="0.023" /><testcase classname="tests.test_game_master" name="test_generate_event_returns_generated_event" time="0.017" /><testcase classname="tests.test_game_master" name="test_generate_scene_transition_returns_full_result" time="0.017" /><testcase classname="tests.test_game_master" name="test_generate_npc_dialogue_returns_text" time="0.017" /><testcase classname="tests.test_game_master" name="test_analyze_world_state_changes_returns_result" time="0.016" /><testcase classname="tests.test_game_master" name="test_provider_error_propagates_from_generate_narration" time="0.017" /><testcase classname="tests.test_game_master" name="test_provider_error_propagates_from_generate_event" time="0.017" /><testcase classname="tests.test_memory" name="test_maybe_refresh_noop_below_interval" time="0.022" /><testcase classname="tests.test_memory" name="test_maybe_refresh_creates_episode_summary" time="0.036" /><testcase classname="tests.test_memory" name="test_maybe_refresh_extracts_memory_facts" time="0.038" /><testcase classname="tests.test_memory" name="test_maybe_refresh_creates_relationships" time="0.037" /><testcase classname="tests.test_memory" name="test_embeddings_generated_for_facts_and_summaries" time="0.036" /><testcase classname="tests.test_memory" name="test_last_summarized_turn_advanced_after_refresh" time="0.032" /><testcase classname="tests.test_memory" name="test_memory_refresh_result_correct_counts" time="0.037" /><testcase classname="tests.test_memory" name="test_malformed_json_for_facts_handled_gracefully" time="0.033" /><testcase classname="tests.test_memory" name="test_malformed_json_for_episode_summary_handled_gracefully" time="0.034" /><testcase classname="tests.test_models" name="test_character_card_round_trip" time="0.004" /><testcase classname="tests.test_models" name="test_world_state_round_trip" time="0.004" /><testcase classname="tests.test_models" name="test_session_cascades_to_turns_on_delete" time="0.016" /><testcase classname="tests.test_models" name="test_turn_unique_constraint_on_session_and_index" time="0.008" /><testcase classname="tests.test_models" name="test_memory_fact_stores_and_retrieves_embedding" time="0.010" /><testcase classname="tests.test_models" name="test_episode_summary_stores_and_retrieves_embedding" time="0.009" /><testcase classname="tests.test_models" name="test_relationship_state_links_entities" time="0.009" /><testcase classname="tests.test_models" name="test_timestamp_mixin_auto_sets_created_at_and_updated_at" time="0.004" /><testcase classname="tests.test_orchestrator" name="test_chat_returns_chat_response" time="0.036" /><testcase classname="tests.test_orchestrator" name="test_chat_persists_turns" time="0.033" /><testcase classname="tests.test_orchestrator" name="test_chat_triggers_memory_refresh_at_threshold" time="0.033" /><testcase classname="tests.test_orchestrator" name="test_chat_retrieves_memories" time="0.032" /><testcase classname="tests.test_orchestrator" name="test_chat_applies_continuity_correction" time="0.031" /><testcase classname="tests.test_orchestrator" name="test_chat_stream_yields_sse_chunks" time="0.030" /><testcase classname="tests.test_orchestrator" name="test_gm_chat_returns_gm_chat_response" time="0.031" /><testcase classname="tests.test_orchestrator" name="test_gm_chat_triggers_event_generation" time="0.031" /><testcase classname="tests.test_orchestrator" name="test_gm_chat_persists_turns" time="0.033" /><testcase classname="tests.test_orchestrator" name="test_gm_chat_stream_yields_sse_chunks" time="0.031" /><testcase classname="tests.test_orchestrator" name="test_chat_missing_session_raises_404" time="0.019" /><testcase classname="tests.test_orchestrator" name="test_token_budget_respected" time="0.033" /><testcase classname="tests.test_orchestrator" name="test_chat_writes_ledger_when_flag_on" time="0.036" /><testcase classname="tests.test_orchestrator" name="test_chat_no_ledger_when_flag_off" time="0.031" /><testcase classname="tests.test_orchestrator" name="test_established_death_is_injected_next_turn" time="0.035" /><testcase classname="tests.test_providers" name="test_mock_provider_generate_text_returns_configured_response" time="0.009" /><testcase classname="tests.test_providers" name="test_mock_provider_generate_json_returns_configured_dict" time="0.009" /><testcase classname="tests.test_providers" name="test_mock_provider_embed_texts_returns_correct_dimension" time="0.009" /><testcase classname="tests.test_providers" name="test_ollama_generate_text_sends_payload_and_parses_response" time="0.057" /><testcase classname="tests.test_providers" name="test_ollama_generate_text_stream_yields_chunks" time="0.031" /><testcase classname="tests.test_providers" name="test_ollama_embed_texts_returns_embeddings" time="0.031" /><testcase classname="tests.test_providers" name="test_ollama_connection_error_raises_provider_error" time="0.064" /><testcase classname="tests.test_providers" name="test_openai_generate_text_calls_completions_and_returns_content" time="0.248" /><testcase classname="tests.test_providers" name="test_openai_generate_text_stream_yields_delta_chunks" time="0.032" /><testcase classname="tests.test_providers" name="test_openai_embed_texts_calls_embeddings_endpoint" time="0.031" /><testcase classname="tests.test_providers" name="test_openai_api_error_raises_provider_error" time="0.031" /><testcase classname="tests.test_retrieval" name="test_returns_empty_list_when_no_memories" time="0.027" /><testcase classname="tests.test_retrieval" name="test_returns_facts_ranked_by_weighted_score" time="0.029" /><testcase classname="tests.test_retrieval" name="test_returns_episode_summaries_alongside_facts" time="0.028" /><testcase classname="tests.test_retrieval" name="test_respects_retrieval_top_k" time="0.034" /><testcase classname="tests.test_retrieval" name="test_recency_scoring_decays_older_memories" time="0.029" /><testcase classname="tests.test_retrieval" name="test_importance_score_contributes_to_ranking" time="0.029" /><testcase classname="tests.test_retrieval" name="test_mixed_facts_and_summaries_merged_and_sorted" time="0.033" /><testcase classname="tests.test_world_state" name="test_apply_delta_adds_entity" time="0.009" /><testcase classname="tests.test_world_state" name="test_apply_delta_updates_entity_and_merges_facts" time="0.008" /><testcase classname="tests.test_world_state" name="test_apply_delta_removes_entity" time="0.010" /><testcase classname="tests.test_world_state" name="test_dead_stays_dead_on_update" time="0.008" /><testcase classname="tests.test_world_state" name="test_dead_stays_dead_on_remove" time="0.008" /><testcase classname="tests.test_world_state" name="test_inventory_qty_delta_subtracts" time="0.009" /><testcase classname="tests.test_world_state" name="test_inventory_qty_delta_to_zero_removes_item" time="0.009" /><testcase classname="tests.test_world_state" name="test_inventory_set_qty_and_add_new" time="0.010" /><testcase classname="tests.test_world_state" name="test_inventory_explicit_remove" time="0.009" /><testcase classname="tests.test_world_state" name="test_thread_resolution" time="0.008" /><testcase classname="tests.test_world_state" name="test_facts_add_dedups_existing" time="0.009" /><testcase classname="tests.test_world_state" name="test_facts_remove" time="0.009" /><testcase classname="tests.test_world_state" name="test_prune_caps_facts_keeping_recent" time="0.008" /><testcase classname="tests.test_world_state" name="test_prune_caps_threads_dropping_resolved_first" time="0.008" /><testcase classname="tests.test_world_state" name="test_prune_caps_entities_protecting_dead" time="0.009" /><testcase classname="tests.test_world_state" name="test_render_block_empty_is_blank" time="0.001" /><testcase classname="tests.test_world_state" name="test_render_block_leads_with_dead" time="0.001" /><testcase classname="tests.test_world_state" name="test_extract_and_apply_persists_version" time="0.026" /><testcase classname="tests.test_world_state" name="test_extract_increments_version" time="0.029" /><testcase classname="tests.test_world_state" name="test_extract_empty_delta_writes_nothing" time="0.028" /><testcase classname="tests.test_world_state" name="test_extract_invalid_provider_json_skips" time="0.023" /><testcase classname="tests.test_world_state" name="test_load_current_empty_when_no_rows" time="0.213" /></testsuite></testsuites>